../Drivers/STM32L0xx_HAL_Driver/Src/stm32l0xx_ll_utils.c:146:6:LL_Init1msTick	8	static
../Drivers/STM32L0xx_HAL_Driver/Src/stm32l0xx_ll_utils.c:162:6:LL_mDelay	8	static
../Drivers/STM32L0xx_HAL_Driver/Src/stm32l0xx_ll_utils.c:224:6:LL_SetSystemCoreClock	0	static
../Drivers/STM32L0xx_HAL_Driver/Src/stm32l0xx_ll_utils.c:238:13:LL_SetFlashLatency	8	static
../Drivers/STM32L0xx_HAL_Driver/Src/stm32l0xx_ll_utils.c:516:20:UTILS_EnablePLLAndSwitchSystem	16	static
../Drivers/STM32L0xx_HAL_Driver/Src/stm32l0xx_ll_utils.c:333:13:LL_PLL_ConfigSystemClock_HSI	24	static
../Drivers/STM32L0xx_HAL_Driver/Src/stm32l0xx_ll_utils.c:392:13:LL_PLL_ConfigSystemClock_HSE	24	static
