../Middlewares/Third_Party/FreeRTOS/Source/tasks.c:3334:8:prvIdleTask	8	static
../Middlewares/Third_Party/FreeRTOS/Source/tasks.c:3880:13:prvResetNextTaskUnblockTime	0	static
../Middlewares/Third_Party/FreeRTOS/Source/tasks.c:5081:13:prvAddCurrentTaskToDelayedList.constprop	16	static
../Middlewares/Third_Party/FreeRTOS/Source/tasks.c:578:15:xTaskCreateStatic	40	static,ignoring_inline_asm
../Middlewares/Third_Party/FreeRTOS/Source/tasks.c:1967:6:vTaskStartScheduler	40	static,ignoring_inline_asm
../Middlewares/Third_Party/FreeRTOS/Source/tasks.c:2089:6:vTaskEndScheduler	8	static,ignoring_inline_asm
../Middlewares/Third_Party/FreeRTOS/Source/tasks.c:2100:6:vTaskSuspendAll	0	static,ignoring_inline_asm
../Middlewares/Third_Party/FreeRTOS/Source/tasks.c:2284:12:xTaskGetTickCount	0	static
../Middlewares/Third_Party/FreeRTOS/Source/tasks.c:2299:12:xTaskGetTickCountFromISR	0	static
../Middlewares/Third_Party/FreeRTOS/Source/tasks.c:2330:13:uxTaskGetNumberOfTasks	0	static
../Middlewares/Third_Party/FreeRTOS/Source/tasks.c:2338:7:pcTaskGetName	0	static,ignoring_inline_asm
../Middlewares/Third_Party/FreeRTOS/Source/tasks.c:2665:12:xTaskIncrementTick	32	static,ignoring_inline_asm
../Middlewares/Third_Party/FreeRTOS/Source/tasks.c:2174:12:xTaskResumeAll	24	static,ignoring_inline_asm
../Middlewares/Third_Party/FreeRTOS/Source/tasks.c:1333:7:vTaskDelay	8	static,ignoring_inline_asm
../Middlewares/Third_Party/FreeRTOS/Source/tasks.c:2947:6:vTaskSwitchContext	12	static,ignoring_inline_asm
../Middlewares/Third_Party/FreeRTOS/Source/tasks.c:3020:6:vTaskPlaceOnEventList	8	static,ignoring_inline_asm
../Middlewares/Third_Party/FreeRTOS/Source/tasks.c:3037:6:vTaskPlaceOnUnorderedEventList	16	static,ignoring_inline_asm
../Middlewares/Third_Party/FreeRTOS/Source/tasks.c:3094:12:xTaskRemoveFromEventList	16	static,ignoring_inline_asm
../Middlewares/Third_Party/FreeRTOS/Source/tasks.c:3162:6:vTaskRemoveFromUnorderedEventList	16	static,ignoring_inline_asm
../Middlewares/Third_Party/FreeRTOS/Source/tasks.c:3196:6:vTaskSetTimeOutState	8	static,ignoring_inline_asm
../Middlewares/Third_Party/FreeRTOS/Source/tasks.c:3208:6:vTaskInternalSetTimeOutState	0	static
../Middlewares/Third_Party/FreeRTOS/Source/tasks.c:3216:12:xTaskCheckForTimeOut	16	static,ignoring_inline_asm
../Middlewares/Third_Party/FreeRTOS/Source/tasks.c:3279:6:vTaskMissedYield	0	static
../Middlewares/Third_Party/FreeRTOS/Source/tasks.c:3923:13:xTaskGetSchedulerState	0	static
../Middlewares/Third_Party/FreeRTOS/Source/tasks.c:4533:12:uxTaskResetEventItemValue	0	static
../Middlewares/Third_Party/FreeRTOS/Source/tasks.c:4566:11:ulTaskNotifyTake	16	static
../Middlewares/Third_Party/FreeRTOS/Source/tasks.c:4634:13:xTaskNotifyWait	32	static
../Middlewares/Third_Party/FreeRTOS/Source/tasks.c:4714:13:xTaskGenericNotify	24	static,ignoring_inline_asm
../Middlewares/Third_Party/FreeRTOS/Source/tasks.c:4828:13:xTaskGenericNotifyFromISR	32	static,ignoring_inline_asm
../Middlewares/Third_Party/FreeRTOS/Source/tasks.c:4957:7:vTaskNotifyGiveFromISR	24	static,ignoring_inline_asm
../Middlewares/Third_Party/FreeRTOS/Source/tasks.c:5044:13:xTaskNotifyStateClear	16	static
