../app/port.c:32:6:HAL_SPI_TxCpltCallback	16	static
../app/port.c:19:6:HAL_SPI_TxRxCpltCallback	8	static
../app/port.c:44:6:HAL_SPI_RxCpltCallback	8	static
../app/port.c:58:6:spi_init	16	static
../app/port.c:63:9:spi_write_reg	16	static
../app/port.c:80:9:spi_read_reg	24	static
../app/port.c:103:9:spi_write_reg_burst	32	static
../app/port.c:129:9:spi_read_reg_burst	32	static
../app/port.c:216:6:lpuart_send	8	static
../app/port.c:228:6:HAL_GPIO_EXTI_Callback	8	static
../app/port.c:237:6:port_register_radio_cb	0	static
