../Core/Src/stm32l0xx_it.c:77:6:NMI_Handler	0	static
../Core/Src/stm32l0xx_it.c:92:6:HardFault_Handler	0	static
../Core/Src/stm32l0xx_it.c:114:6:EXTI4_15_IRQHandler	8	static
../Core/Src/stm32l0xx_it.c:129:6:DMA1_Channel2_3_IRQHandler	8	static
../Core/Src/stm32l0xx_it.c:144:6:DMA1_Channel4_5_6_7_IRQHandler	8	static
../Core/Src/stm32l0xx_it.c:159:6:TIM2_IRQHandler	8	static
../Core/Src/stm32l0xx_it.c:173:6:SPI1_IRQHandler	8	static
../Core/Src/stm32l0xx_it.c:187:6:USART2_IRQHandler	8	static
../Core/Src/stm32l0xx_it.c:201:6:LPUART1_IRQHandler	8	static
