../Core/Src/stm32l0xx_it.c:75:6:NMI_Handler	0	static
../Core/Src/stm32l0xx_it.c:90:6:HardFault_Handler	0	static
../Core/Src/stm32l0xx_it.c:112:6:EXTI4_15_IRQHandler	8	static
../Core/Src/stm32l0xx_it.c:127:6:DMA1_Channel1_IRQHandler	8	static
../Core/Src/stm32l0xx_it.c:141:6:ADC1_IRQHandler	8	static
../Core/Src/stm32l0xx_it.c:155:6:TIM2_IRQHandler	8	static
../Core/Src/stm32l0xx_it.c:169:6:SPI1_IRQHandler	8	static
../Core/Src/stm32l0xx_it.c:183:6:USART2_IRQHandler	8	static
../Core/Src/stm32l0xx_it.c:197:6:LPUART1_IRQHandler	8	static
