../Drivers/STM32L0xx_HAL_Driver/Inc/stm32l0xx_ll_rcc.h:800:26:LL_RCC_HSI_IsReady	0	static
../Drivers/STM32L0xx_HAL_Driver/Inc/stm32l0xx_ll_rcc.h:2095:26:LL_RCC_IsActiveFlag_HSIDIV	0	static
../Drivers/STM32L0xx_HAL_Driver/Src/stm32l0xx_ll_rcc.c:620:17:RCC_GetHCLKClockFreq	0	static
../Drivers/STM32L0xx_HAL_Driver/Src/stm32l0xx_ll_rcc.c:631:17:RCC_GetPCLK1ClockFreq	0	static
../Drivers/STM32L0xx_HAL_Driver/Src/stm32l0xx_ll_rcc.c:577:17:RCC_GetSystemClockFreq	8	static
../Drivers/STM32L0xx_HAL_Driver/Src/stm32l0xx_ll_rcc.c:110:13:LL_RCC_DeInit	16	static,ignoring_inline_asm
../Drivers/STM32L0xx_HAL_Driver/Src/stm32l0xx_ll_rcc.c:220:6:LL_RCC_GetSystemClocksFreq	8	static
../Drivers/STM32L0xx_HAL_Driver/Src/stm32l0xx_ll_rcc.c:245:10:LL_RCC_GetUSARTClockFreq	8	static
../Drivers/STM32L0xx_HAL_Driver/Src/stm32l0xx_ll_rcc.c:342:10:LL_RCC_GetI2CClockFreq	8	static
../Drivers/STM32L0xx_HAL_Driver/Src/stm32l0xx_ll_rcc.c:421:10:LL_RCC_GetLPUARTClockFreq	8	static
../Drivers/STM32L0xx_HAL_Driver/Src/stm32l0xx_ll_rcc.c:472:10:LL_RCC_GetLPTIMClockFreq	8	static
