../app/port.c:31:6:HAL_SPI_TxCpltCallback	16	static
../app/port.c:18:6:HAL_SPI_TxRxCpltCallback	8	static
../app/port.c:43:6:HAL_SPI_RxCpltCallback	8	static
../app/port.c:57:6:spi_init	16	static
../app/port.c:62:9:spi_write_reg	16	static
../app/port.c:79:9:spi_read_reg	24	static
../app/port.c:102:9:spi_write_reg_burst	32	static
../app/port.c:128:9:spi_read_reg_burst	32	static
../app/port.c:173:6:HAL_UART_RxHalfCpltCallback	16	static
../app/port.c:182:6:HAL_UART_RxCpltCallback	16	static
../app/port.c:192:10:uart_get_buffer	0	static
../app/port.c:198:6:uart_init	16	static
../app/port.c:217:6:HAL_GPIO_EXTI_Callback	8	static
../app/port.c:226:6:port_register_radio_cb	0	static
