../app/radio.c:31:9:radio_init	24	static
../app/radio.c:73:6:radio_set_idle	8	static
../app/radio.c:78:6:radio_set_rx	8	static
../app/radio.c:84:6:radio_set_tx	8	static
../app/radio.c:91:6:radio_set_tx_power	16	static
../app/radio.c:117:6:radio_set_frequency	24	static
../app/radio.c:125:6:radio_set_preamble_len	16	static
../app/radio.c:130:6:radio_set_modem_params	32	static
../app/radio.c:231:9:radio_transmit	24	static
../app/radio.c:266:6:radio_isr_handler	16	static
../app/radio.c:276:6:radio_thread	16	static
