../app/radio.c:317:6:radio_isr_handler	16	static
../app/radio.c:80:6:radio_set_idle	8	static
../app/radio.c:85:6:radio_set_rx	8	static
../app/radio.c:91:6:radio_set_tx	8	static
../app/radio.c:98:6:radio_set_tx_power	8	static
../app/radio.c:124:6:radio_set_frequency	8	static
../app/radio.c:132:6:radio_set_preamble_len	8	static
../app/radio.c:137:6:radio_set_modem_params	24	static
../app/radio.c:38:9:radio_init	32	static
../app/radio.c:237:9:radio_transmit	24	static
../app/radio.c:268:9:radio_receive	40	static
../app/radio.c:356:6:radio_store_packet	8	static
../app/radio.c:453:6:reverse	8	static
../app/radio.c:466:5:intToStr	32	static
../app/radio.c:482:10:ftoa	40	static
../app/radio.c:499:6:radio_gs_thread	40	static
